<html>
<body>
<pre>
<h1>µVision Build Log</h1>
<h2>Tool Versions:</h2>
IDE-Version: µVision V5.38.0.0
Copyright (C) 2022 ARM Ltd and ARM Germany GmbH. All rights reserved.
License Information: Vedant Rokad, Nirma, LIC=----
 
Tool Versions:
Toolchain:       MDK-Lite  Version: 5.38.0.0
Toolchain Path:  C:\Keil_v5\ARM\ARMCLANG\Bin
C Compiler:      ArmClang.exe V6.19
Assembler:       Armasm.exe V6.19
Linker/Locator:  ArmLink.exe V6.19
Library Manager: ArmAr.exe V6.19
Hex Converter:   FromElf.exe V6.19
CPU DLL:         SARMCM3.DLL V5.38.0.0
Dialog DLL:      DCM.DLL V1.17.5.0
Target DLL:      UL2CM3.DLL V1.164.8.0
Dialog DLL:      TCM.DLL V1.56.4.0
 
<h2>Project:</h2>
E:\Outcome\KEIL\RTOS\stm32f1xx_keil_rtos.uvprojx
Project File Date:  03/28/2023

<h2>Output:</h2>
*** Using Compiler 'V6.19', folder: 'C:\Keil_v5\ARM\ARMCLANG\Bin'
Build target 'Target 1'
main.c(1): warning: In file included from...
./stm32f103xx_gpio.h(1): warning: In file included from...
C:/Users/rokad/AppData/Local/Arm/Packs/Keil/STM32F1xx_DFP/2.4.0/Device/Include\stm32f10x.h(18): warning: invalid UTF-8 in comment [-Winvalid-utf8]
  *              - To use or not the peripheral<92>s drivers in application code(i.e. 
                                               ^
C:/Users/rokad/AppData/Local/Arm/Packs/Keil/STM32F1xx_DFP/2.4.0/Device/Include\stm32f10x.h(19): warning: invalid UTF-8 in comment [-Winvalid-utf8]
  *                code will be based on direct access to peripheral<92>s registers 
                                                                    ^
C:/Users/rokad/AppData/Local/Arm/Packs/Keil/STM32F1xx_DFP/2.4.0/Device/Include\stm32f10x.h(26): warning: invalid UTF-8 in comment [-Winvalid-utf8]
  *           - Macros to access peripheral<92>s registers hardware
                                           ^
main.c(1): warning: In file included from...
./stm32f103xx_gpio.h(2): warning: In file included from...
./stm32f103xx_i2c.h(17): warning: // comments are not allowed in this language [-Wcomment]
/////////////////////////////////////////////////////////////////////////////////////////
^
main.c(1): warning: In file included from...
./stm32f103xx_gpio.h(3): warning: In file included from...
./stm32f103xx_uart.h(15): warning: 'FLAG_SET' macro redefined [-Wmacro-redefined]
#define FLAG_SET 1
        ^
./stm32f103xx_i2c.h(31): note: previous definition is here
#define FLAG_SET SET
        ^
main.c(1): warning: In file included from...
./stm32f103xx_gpio.h(3): warning: In file included from...
./stm32f103xx_uart.h(16): warning: 'FLAG_RESET' macro redefined [-Wmacro-redefined]
#define FLAG_RESET 0
        ^
./stm32f103xx_i2c.h(32): note: previous definition is here
#define FLAG_RESET RESET
        ^
main.c(1): warning: In file included from...
./stm32f103xx_gpio.h(3): warning: In file included from...
./stm32f103xx_uart.h(24): warning: '/*' within block comment [-Wcomment]
/***************************************************************************************/
^
./stm32f103xx_uart.h(25): warning: // comments are not allowed in this language [-Wcomment]
//@USART_FLAG
^
./stm32f103xx_uart.h(89): warning: '/*' within block comment [-Wcomment]
/***************************************************************************************/
^
./stm32f103xx_uart.h(109): warning: '/*' within block comment [-Wcomment]
/***************************************************************************************/
^
./stm32f103xx_uart.h(126): warning: '/*' within block comment [-Wcomment]
/***************************************************************************************/
^
main.c(52): warning: no previous prototype for function 'task1' [-Wmissing-prototypes]
void task1(void)
     ^
main.c(52): note: declare 'static' if the function is not intended to be used outside of this translation unit
void task1(void)
^
static 
main.c(61): warning: no newline at end of file [-Wnewline-eof]
}
 ^
main.c(58): warning: no previous prototype for function 'task2' [-Wmissing-prototypes]
void task2(void)
     ^
main.c(58): note: declare 'static' if the function is not intended to be used outside of this translation unit
void task2(void)
^
static 
14 warnings generated.
compiling main.c...
linking...
Program Size: Code=2028 RO-data=252 RW-data=0 ZI-data=1632  
".\Objects\stm32f1xx_keil_rtos.axf" - 0 Error(s), 14 Warning(s).

<h2>Software Packages used:</h2>

Package Vendor: ARM
                http://www.keil.com/pack/ARM.CMSIS.5.9.0.pack
                ARM.CMSIS.5.9.0
                CMSIS (Common Microcontroller Software Interface Standard)
   * Component: CORE Version: 5.6.0

Package Vendor: Keil
                http://www.keil.com/pack/Keil.STM32F1xx_DFP.2.4.0.pack
                Keil.STM32F1xx_DFP.2.4.0
                STMicroelectronics STM32F1 Series Device Support, Drivers and Examples
   * Component: Startup Version: 1.0.0

<h2>Collection of Component include folders:</h2>
  ./RTE/Device/STM32F103C8
  ./RTE/_Target_1
  C:/Users/rokad/AppData/Local/Arm/Packs/ARM/CMSIS/5.9.0/CMSIS/Core/Include
  C:/Users/rokad/AppData/Local/Arm/Packs/Keil/STM32F1xx_DFP/2.4.0/Device/Include

<h2>Collection of Component Files used:</h2>

   * Component: ARM::CMSIS:CORE:5.6.0

   * Component: Keil::Device:Startup:1.0.0
      Source file:   Device/Source/ARM/STM32F1xx_OPT.s
      Include file:  RTE_Driver/Config/RTE_Device.h
      Source file:   Device/Source/system_stm32f10x.c
      Source file:   Device/Source/ARM/startup_stm32f10x_md.s
Build Time Elapsed:  00:00:01
</pre>
</body>
</html>
